[2025-08-30T15:39:03.637+0000] {local_task_job_runner.py:120} INFO - ::group::Pre task execution logs
[2025-08-30T15:39:03.664+0000] {taskinstance.py:2076} INFO - Dependencies all met for dep_context=non-requeueable deps ti=<TaskInstance: ml_pipeline_dag.feature_engineering manual__2025-08-30T15:38:51+00:00 [queued]>
[2025-08-30T15:39:03.674+0000] {taskinstance.py:2076} INFO - Dependencies all met for dep_context=requeueable deps ti=<TaskInstance: ml_pipeline_dag.feature_engineering manual__2025-08-30T15:38:51+00:00 [queued]>
[2025-08-30T15:39:03.677+0000] {taskinstance.py:2306} INFO - Starting attempt 1 of 1
[2025-08-30T15:39:03.695+0000] {taskinstance.py:2330} INFO - Executing <Task(PythonOperator): feature_engineering> on 2025-08-30 15:38:51+00:00
[2025-08-30T15:39:03.698+0000] {standard_task_runner.py:64} INFO - Started process 110 to run task
[2025-08-30T15:39:03.700+0000] {standard_task_runner.py:90} INFO - Running: ['airflow', 'tasks', 'run', 'ml_pipeline_dag', 'feature_engineering', 'manual__2025-08-30T15:38:51+00:00', '--job-id', '27', '--raw', '--subdir', 'DAGS_FOLDER/ml_pipeline_dag.py', '--cfg-path', '/tmp/tmpp83301h0']
[2025-08-30T15:39:03.702+0000] {standard_task_runner.py:91} INFO - Job 27: Subtask feature_engineering
[2025-08-30T15:39:03.784+0000] {task_command.py:426} INFO - Running <TaskInstance: ml_pipeline_dag.feature_engineering manual__2025-08-30T15:38:51+00:00 [running]> on host 6590692d9a38
[2025-08-30T15:39:03.866+0000] {taskinstance.py:2648} INFO - Exporting env vars: AIRFLOW_CTX_DAG_OWNER='airflow' AIRFLOW_CTX_DAG_ID='ml_pipeline_dag' AIRFLOW_CTX_TASK_ID='feature_engineering' AIRFLOW_CTX_EXECUTION_DATE='2025-08-30T15:38:51+00:00' AIRFLOW_CTX_TRY_NUMBER='1' AIRFLOW_CTX_DAG_RUN_ID='manual__2025-08-30T15:38:51+00:00'
[2025-08-30T15:39:03.867+0000] {taskinstance.py:430} INFO - ::endgroup::
[2025-08-30T15:39:04.667+0000] {logging_mixin.py:188} INFO - Categorical columns: ['experience_level', 'employment_type', 'job_title', 'employee_residence', 'company_location', 'company_size']
[2025-08-30T15:39:04.668+0000] {logging_mixin.py:188} INFO - Numeric columns: ['work_year', 'remote_ratio']
[2025-08-30T15:39:04.702+0000] {logging_mixin.py:188} INFO - Feature engineering saved: /opt/airflow/outputs/data/train_fe.pkl /opt/airflow/outputs/data/test_fe.pkl /opt/airflow/outputs/models/preprocessor.pkl
[2025-08-30T15:39:04.703+0000] {python.py:237} INFO - Done. Returned value was: None
[2025-08-30T15:39:04.703+0000] {taskinstance.py:441} INFO - ::group::Post task execution logs
[2025-08-30T15:39:04.714+0000] {taskinstance.py:1206} INFO - Marking task as SUCCESS. dag_id=ml_pipeline_dag, task_id=feature_engineering, run_id=manual__2025-08-30T15:38:51+00:00, execution_date=20250830T153851, start_date=20250830T153903, end_date=20250830T153904
[2025-08-30T15:39:04.759+0000] {local_task_job_runner.py:243} INFO - Task exited with return code 0
[2025-08-30T15:39:04.799+0000] {taskinstance.py:3503} INFO - 1 downstream tasks scheduled from follow-on schedule check
[2025-08-30T15:39:04.816+0000] {local_task_job_runner.py:222} INFO - ::endgroup::
