[2025-08-30T15:46:54.024+0000] {local_task_job_runner.py:120} INFO - ::group::Pre task execution logs
[2025-08-30T15:46:54.055+0000] {taskinstance.py:2076} INFO - Dependencies all met for dep_context=non-requeueable deps ti=<TaskInstance: ml_pipeline_dag.feature_engineering manual__2025-08-30T15:46:44+00:00 [queued]>
[2025-08-30T15:46:54.065+0000] {taskinstance.py:2076} INFO - Dependencies all met for dep_context=requeueable deps ti=<TaskInstance: ml_pipeline_dag.feature_engineering manual__2025-08-30T15:46:44+00:00 [queued]>
[2025-08-30T15:46:54.077+0000] {taskinstance.py:2306} INFO - Starting attempt 1 of 1
[2025-08-30T15:46:54.095+0000] {taskinstance.py:2330} INFO - Executing <Task(PythonOperator): feature_engineering> on 2025-08-30 15:46:44+00:00
[2025-08-30T15:46:54.099+0000] {standard_task_runner.py:64} INFO - Started process 120 to run task
[2025-08-30T15:46:54.100+0000] {standard_task_runner.py:90} INFO - Running: ['airflow', 'tasks', 'run', 'ml_pipeline_dag', 'feature_engineering', 'manual__2025-08-30T15:46:44+00:00', '--job-id', '31', '--raw', '--subdir', 'DAGS_FOLDER/ml_pipeline_dag.py', '--cfg-path', '/tmp/tmpvudezrty']
[2025-08-30T15:46:54.102+0000] {standard_task_runner.py:91} INFO - Job 31: Subtask feature_engineering
[2025-08-30T15:46:54.174+0000] {task_command.py:426} INFO - Running <TaskInstance: ml_pipeline_dag.feature_engineering manual__2025-08-30T15:46:44+00:00 [running]> on host 6d0253f78c19
[2025-08-30T15:46:54.267+0000] {taskinstance.py:2648} INFO - Exporting env vars: AIRFLOW_CTX_DAG_OWNER='airflow' AIRFLOW_CTX_DAG_ID='ml_pipeline_dag' AIRFLOW_CTX_TASK_ID='feature_engineering' AIRFLOW_CTX_EXECUTION_DATE='2025-08-30T15:46:44+00:00' AIRFLOW_CTX_TRY_NUMBER='1' AIRFLOW_CTX_DAG_RUN_ID='manual__2025-08-30T15:46:44+00:00'
[2025-08-30T15:46:54.268+0000] {taskinstance.py:430} INFO - ::endgroup::
[2025-08-30T15:46:55.175+0000] {logging_mixin.py:188} INFO - Categorical columns: ['experience_level', 'employment_type', 'job_title', 'employee_residence', 'company_location', 'company_size']
[2025-08-30T15:46:55.176+0000] {logging_mixin.py:188} INFO - Numeric columns: ['work_year', 'remote_ratio']
[2025-08-30T15:46:55.206+0000] {logging_mixin.py:188} INFO - Feature engineering saved: /opt/airflow/outputs/data/train_fe.pkl /opt/airflow/outputs/data/test_fe.pkl /opt/airflow/outputs/models/preprocessor.pkl
[2025-08-30T15:46:55.206+0000] {python.py:237} INFO - Done. Returned value was: None
[2025-08-30T15:46:55.207+0000] {taskinstance.py:441} INFO - ::group::Post task execution logs
[2025-08-30T15:46:55.217+0000] {taskinstance.py:1206} INFO - Marking task as SUCCESS. dag_id=ml_pipeline_dag, task_id=feature_engineering, run_id=manual__2025-08-30T15:46:44+00:00, execution_date=20250830T154644, start_date=20250830T154654, end_date=20250830T154655
[2025-08-30T15:46:55.279+0000] {local_task_job_runner.py:243} INFO - Task exited with return code 0
[2025-08-30T15:46:55.312+0000] {taskinstance.py:3503} INFO - 1 downstream tasks scheduled from follow-on schedule check
[2025-08-30T15:46:55.326+0000] {local_task_job_runner.py:222} INFO - ::endgroup::
