[2025-08-30T15:35:00.860+0000] {local_task_job_runner.py:120} INFO - ::group::Pre task execution logs
[2025-08-30T15:35:00.889+0000] {taskinstance.py:2076} INFO - Dependencies all met for dep_context=non-requeueable deps ti=<TaskInstance: ml_pipeline_dag.feature_engineering manual__2025-08-30T15:34:51+00:00 [queued]>
[2025-08-30T15:35:00.904+0000] {taskinstance.py:2076} INFO - Dependencies all met for dep_context=requeueable deps ti=<TaskInstance: ml_pipeline_dag.feature_engineering manual__2025-08-30T15:34:51+00:00 [queued]>
[2025-08-30T15:35:00.906+0000] {taskinstance.py:2306} INFO - Starting attempt 1 of 1
[2025-08-30T15:35:00.930+0000] {taskinstance.py:2330} INFO - Executing <Task(PythonOperator): feature_engineering> on 2025-08-30 15:34:51+00:00
[2025-08-30T15:35:00.934+0000] {standard_task_runner.py:64} INFO - Started process 110 to run task
[2025-08-30T15:35:00.936+0000] {standard_task_runner.py:90} INFO - Running: ['airflow', 'tasks', 'run', 'ml_pipeline_dag', 'feature_engineering', 'manual__2025-08-30T15:34:51+00:00', '--job-id', '23', '--raw', '--subdir', 'DAGS_FOLDER/ml_pipeline_dag.py', '--cfg-path', '/tmp/tmp9qavr0o2']
[2025-08-30T15:35:00.938+0000] {standard_task_runner.py:91} INFO - Job 23: Subtask feature_engineering
[2025-08-30T15:35:01.020+0000] {task_command.py:426} INFO - Running <TaskInstance: ml_pipeline_dag.feature_engineering manual__2025-08-30T15:34:51+00:00 [running]> on host 6590692d9a38
[2025-08-30T15:35:01.091+0000] {taskinstance.py:2648} INFO - Exporting env vars: AIRFLOW_CTX_DAG_OWNER='airflow' AIRFLOW_CTX_DAG_ID='ml_pipeline_dag' AIRFLOW_CTX_TASK_ID='feature_engineering' AIRFLOW_CTX_EXECUTION_DATE='2025-08-30T15:34:51+00:00' AIRFLOW_CTX_TRY_NUMBER='1' AIRFLOW_CTX_DAG_RUN_ID='manual__2025-08-30T15:34:51+00:00'
[2025-08-30T15:35:01.091+0000] {taskinstance.py:430} INFO - ::endgroup::
[2025-08-30T15:35:01.855+0000] {logging_mixin.py:188} INFO - Categorical columns: ['experience_level', 'employment_type', 'job_title', 'employee_residence', 'company_location', 'company_size']
[2025-08-30T15:35:01.856+0000] {logging_mixin.py:188} INFO - Numeric columns: ['work_year', 'remote_ratio']
[2025-08-30T15:35:01.881+0000] {logging_mixin.py:188} INFO - Feature engineering saved: /opt/airflow/outputs/data/train_fe.pkl /opt/airflow/outputs/data/test_fe.pkl /opt/airflow/outputs/models/preprocessor.pkl
[2025-08-30T15:35:01.882+0000] {python.py:237} INFO - Done. Returned value was: None
[2025-08-30T15:35:01.883+0000] {taskinstance.py:441} INFO - ::group::Post task execution logs
[2025-08-30T15:35:01.895+0000] {taskinstance.py:1206} INFO - Marking task as SUCCESS. dag_id=ml_pipeline_dag, task_id=feature_engineering, run_id=manual__2025-08-30T15:34:51+00:00, execution_date=20250830T153451, start_date=20250830T153500, end_date=20250830T153501
[2025-08-30T15:35:01.952+0000] {local_task_job_runner.py:243} INFO - Task exited with return code 0
[2025-08-30T15:35:01.975+0000] {taskinstance.py:3503} INFO - 1 downstream tasks scheduled from follow-on schedule check
[2025-08-30T15:35:01.983+0000] {local_task_job_runner.py:222} INFO - ::endgroup::
