[2025-08-30T15:32:14.687+0000] {local_task_job_runner.py:120} INFO - ::group::Pre task execution logs
[2025-08-30T15:32:14.716+0000] {taskinstance.py:2076} INFO - Dependencies all met for dep_context=non-requeueable deps ti=<TaskInstance: ml_pipeline_dag.feature_engineering manual__2025-08-30T15:32:08+00:00 [queued]>
[2025-08-30T15:32:14.728+0000] {taskinstance.py:2076} INFO - Dependencies all met for dep_context=requeueable deps ti=<TaskInstance: ml_pipeline_dag.feature_engineering manual__2025-08-30T15:32:08+00:00 [queued]>
[2025-08-30T15:32:14.731+0000] {taskinstance.py:2306} INFO - Starting attempt 1 of 1
[2025-08-30T15:32:14.750+0000] {taskinstance.py:2330} INFO - Executing <Task(PythonOperator): feature_engineering> on 2025-08-30 15:32:08+00:00
[2025-08-30T15:32:14.754+0000] {standard_task_runner.py:64} INFO - Started process 116 to run task
[2025-08-30T15:32:14.756+0000] {standard_task_runner.py:90} INFO - Running: ['airflow', 'tasks', 'run', 'ml_pipeline_dag', 'feature_engineering', 'manual__2025-08-30T15:32:08+00:00', '--job-id', '20', '--raw', '--subdir', 'DAGS_FOLDER/ml_pipeline_dag.py', '--cfg-path', '/tmp/tmptii00cwh']
[2025-08-30T15:32:14.758+0000] {standard_task_runner.py:91} INFO - Job 20: Subtask feature_engineering
[2025-08-30T15:32:14.836+0000] {task_command.py:426} INFO - Running <TaskInstance: ml_pipeline_dag.feature_engineering manual__2025-08-30T15:32:08+00:00 [running]> on host 6590692d9a38
[2025-08-30T15:32:14.914+0000] {taskinstance.py:2648} INFO - Exporting env vars: AIRFLOW_CTX_DAG_OWNER='airflow' AIRFLOW_CTX_DAG_ID='ml_pipeline_dag' AIRFLOW_CTX_TASK_ID='feature_engineering' AIRFLOW_CTX_EXECUTION_DATE='2025-08-30T15:32:08+00:00' AIRFLOW_CTX_TRY_NUMBER='1' AIRFLOW_CTX_DAG_RUN_ID='manual__2025-08-30T15:32:08+00:00'
[2025-08-30T15:32:14.915+0000] {taskinstance.py:430} INFO - ::endgroup::
[2025-08-30T15:32:15.415+0000] {taskinstance.py:441} INFO - ::group::Post task execution logs
[2025-08-30T15:32:15.416+0000] {taskinstance.py:2905} ERROR - Task failed with exception
Traceback (most recent call last):
  File "/home/airflow/.local/lib/python3.12/site-packages/airflow/models/taskinstance.py", line 465, in _execute_task
    result = _execute_callable(context=context, **execute_callable_kwargs)
             ^^^^^^^^^^^^^^^^^^^^^^^^^^^^^^^^^^^^^^^^^^^^^^^^^^^^^^^^^^^^^
  File "/home/airflow/.local/lib/python3.12/site-packages/airflow/models/taskinstance.py", line 432, in _execute_callable
    return execute_callable(context=context, **execute_callable_kwargs)
           ^^^^^^^^^^^^^^^^^^^^^^^^^^^^^^^^^^^^^^^^^^^^^^^^^^^^^^^^^^^^
  File "/home/airflow/.local/lib/python3.12/site-packages/airflow/models/baseoperator.py", line 401, in wrapper
    return func(self, *args, **kwargs)
           ^^^^^^^^^^^^^^^^^^^^^^^^^^^
  File "/home/airflow/.local/lib/python3.12/site-packages/airflow/operators/python.py", line 235, in execute
    return_value = self.execute_callable()
                   ^^^^^^^^^^^^^^^^^^^^^^^
  File "/home/airflow/.local/lib/python3.12/site-packages/airflow/operators/python.py", line 252, in execute_callable
    return self.python_callable(*self.op_args, **self.op_kwargs)
           ^^^^^^^^^^^^^^^^^^^^^^^^^^^^^^^^^^^^^^^^^^^^^^^^^^^^^
  File "/opt/airflow/dags/ml_pipeline_dag.py", line 36, in t_feature_engineering
    from src.feature_engineering import engineer_features
ImportError: cannot import name 'engineer_features' from 'src.feature_engineering' (/opt/airflow/src/feature_engineering.py)
[2025-08-30T15:32:15.428+0000] {taskinstance.py:1206} INFO - Marking task as FAILED. dag_id=ml_pipeline_dag, task_id=feature_engineering, run_id=manual__2025-08-30T15:32:08+00:00, execution_date=20250830T153208, start_date=20250830T153214, end_date=20250830T153215
[2025-08-30T15:32:15.441+0000] {standard_task_runner.py:110} ERROR - Failed to execute job 20 for task feature_engineering (cannot import name 'engineer_features' from 'src.feature_engineering' (/opt/airflow/src/feature_engineering.py); 116)
[2025-08-30T15:32:15.455+0000] {local_task_job_runner.py:243} INFO - Task exited with return code 1
[2025-08-30T15:32:15.476+0000] {taskinstance.py:3503} INFO - 0 downstream tasks scheduled from follow-on schedule check
[2025-08-30T15:32:15.483+0000] {local_task_job_runner.py:222} INFO - ::endgroup::
