[2025-08-30T15:35:04.081+0000] {local_task_job_runner.py:120} INFO - ::group::Pre task execution logs
[2025-08-30T15:35:04.106+0000] {taskinstance.py:2076} INFO - Dependencies all met for dep_context=non-requeueable deps ti=<TaskInstance: ml_pipeline_dag.train manual__2025-08-30T15:34:51+00:00 [queued]>
[2025-08-30T15:35:04.118+0000] {taskinstance.py:2076} INFO - Dependencies all met for dep_context=requeueable deps ti=<TaskInstance: ml_pipeline_dag.train manual__2025-08-30T15:34:51+00:00 [queued]>
[2025-08-30T15:35:04.119+0000] {taskinstance.py:2306} INFO - Starting attempt 1 of 1
[2025-08-30T15:35:04.140+0000] {taskinstance.py:2330} INFO - Executing <Task(PythonOperator): train> on 2025-08-30 15:34:51+00:00
[2025-08-30T15:35:04.143+0000] {standard_task_runner.py:64} INFO - Started process 143 to run task
[2025-08-30T15:35:04.145+0000] {standard_task_runner.py:90} INFO - Running: ['airflow', 'tasks', 'run', 'ml_pipeline_dag', 'train', 'manual__2025-08-30T15:34:51+00:00', '--job-id', '24', '--raw', '--subdir', 'DAGS_FOLDER/ml_pipeline_dag.py', '--cfg-path', '/tmp/tmpwo4ni1x2']
[2025-08-30T15:35:04.146+0000] {standard_task_runner.py:91} INFO - Job 24: Subtask train
[2025-08-30T15:35:04.214+0000] {task_command.py:426} INFO - Running <TaskInstance: ml_pipeline_dag.train manual__2025-08-30T15:34:51+00:00 [running]> on host 6590692d9a38
[2025-08-30T15:35:04.314+0000] {taskinstance.py:2648} INFO - Exporting env vars: AIRFLOW_CTX_DAG_OWNER='airflow' AIRFLOW_CTX_DAG_ID='ml_pipeline_dag' AIRFLOW_CTX_TASK_ID='train' AIRFLOW_CTX_EXECUTION_DATE='2025-08-30T15:34:51+00:00' AIRFLOW_CTX_TRY_NUMBER='1' AIRFLOW_CTX_DAG_RUN_ID='manual__2025-08-30T15:34:51+00:00'
[2025-08-30T15:35:04.314+0000] {taskinstance.py:430} INFO - ::endgroup::
[2025-08-30T15:35:05.347+0000] {taskinstance.py:441} INFO - ::group::Post task execution logs
[2025-08-30T15:35:05.348+0000] {taskinstance.py:2905} ERROR - Task failed with exception
Traceback (most recent call last):
  File "/home/airflow/.local/lib/python3.12/site-packages/airflow/models/taskinstance.py", line 465, in _execute_task
    result = _execute_callable(context=context, **execute_callable_kwargs)
             ^^^^^^^^^^^^^^^^^^^^^^^^^^^^^^^^^^^^^^^^^^^^^^^^^^^^^^^^^^^^^
  File "/home/airflow/.local/lib/python3.12/site-packages/airflow/models/taskinstance.py", line 432, in _execute_callable
    return execute_callable(context=context, **execute_callable_kwargs)
           ^^^^^^^^^^^^^^^^^^^^^^^^^^^^^^^^^^^^^^^^^^^^^^^^^^^^^^^^^^^^
  File "/home/airflow/.local/lib/python3.12/site-packages/airflow/models/baseoperator.py", line 401, in wrapper
    return func(self, *args, **kwargs)
           ^^^^^^^^^^^^^^^^^^^^^^^^^^^
  File "/home/airflow/.local/lib/python3.12/site-packages/airflow/operators/python.py", line 235, in execute
    return_value = self.execute_callable()
                   ^^^^^^^^^^^^^^^^^^^^^^^
  File "/home/airflow/.local/lib/python3.12/site-packages/airflow/operators/python.py", line 252, in execute_callable
    return self.python_callable(*self.op_args, **self.op_kwargs)
           ^^^^^^^^^^^^^^^^^^^^^^^^^^^^^^^^^^^^^^^^^^^^^^^^^^^^^
  File "/opt/airflow/dags/ml_pipeline_dag.py", line 69, in t_train
    model, results = train_model(X_train_fe, y_train, n_jobs=-1, output_dir=str(OUTPUT_DIR))
                     ^^^^^^^^^^^^^^^^^^^^^^^^^^^^^^^^^^^^^^^^^^^^^^^^^^^^^^^^^^^^^^^^^^^^^^^
TypeError: train_model() got an unexpected keyword argument 'n_jobs'
[2025-08-30T15:35:05.364+0000] {taskinstance.py:1206} INFO - Marking task as FAILED. dag_id=ml_pipeline_dag, task_id=train, run_id=manual__2025-08-30T15:34:51+00:00, execution_date=20250830T153451, start_date=20250830T153504, end_date=20250830T153505
[2025-08-30T15:35:05.386+0000] {standard_task_runner.py:110} ERROR - Failed to execute job 24 for task train (train_model() got an unexpected keyword argument 'n_jobs'; 143)
[2025-08-30T15:35:05.413+0000] {local_task_job_runner.py:243} INFO - Task exited with return code 1
[2025-08-30T15:35:05.434+0000] {taskinstance.py:3503} INFO - 0 downstream tasks scheduled from follow-on schedule check
[2025-08-30T15:35:05.449+0000] {local_task_job_runner.py:222} INFO - ::endgroup::
