[2025-08-30T14:18:50.747+0000] {manager.py:470} INFO - Processing files using up to 2 processes at a time 
[2025-08-30T14:18:50.748+0000] {manager.py:471} INFO - Process each file at most once every 30 seconds
[2025-08-30T14:18:50.750+0000] {manager.py:472} INFO - Checking for new files in /opt/airflow/dags every 300 seconds
[2025-08-30T14:18:50.751+0000] {manager.py:737} INFO - Searching for files in /opt/airflow/dags
[2025-08-30T14:18:50.763+0000] {manager.py:740} INFO - There are 0 files in /opt/airflow/dags
[2025-08-30T14:23:51.229+0000] {manager.py:737} INFO - Searching for files in /opt/airflow/dags
[2025-08-30T14:23:51.249+0000] {manager.py:740} INFO - There are 1 files in /opt/airflow/dags
[2025-08-30T14:24:19.105+0000] {manager.py:878} INFO - 
================================================================================
DAG File Processing Stats

File Path                             PID    Runtime      # DAGs    # Errors  Last Runtime    Last Run
------------------------------------  -----  ---------  --------  ----------  --------------  -------------------
/opt/airflow/dags/ml_pipeline_dag.py                           1           0  0.28s           2025-08-30T14:23:51
================================================================================
[2025-08-30T14:24:51.975+0000] {manager.py:878} INFO - 
================================================================================
DAG File Processing Stats

File Path                             PID    Runtime      # DAGs    # Errors  Last Runtime    Last Run
------------------------------------  -----  ---------  --------  ----------  --------------  -------------------
/opt/airflow/dags/ml_pipeline_dag.py                           1           0  0.10s           2025-08-30T14:24:22
================================================================================
[2025-08-30T14:25:14.960+0000] {manager.py:452} INFO - Exiting gracefully upon receiving signal 15
[2025-08-30T14:25:24.715+0000] {manager.py:470} INFO - Processing files using up to 2 processes at a time 
[2025-08-30T14:25:24.717+0000] {manager.py:471} INFO - Process each file at most once every 30 seconds
[2025-08-30T14:25:24.718+0000] {manager.py:472} INFO - Checking for new files in /opt/airflow/dags every 300 seconds
[2025-08-30T14:25:24.719+0000] {manager.py:737} INFO - Searching for files in /opt/airflow/dags
[2025-08-30T14:25:24.746+0000] {manager.py:740} INFO - There are 1 files in /opt/airflow/dags
[2025-08-30T14:25:24.816+0000] {manager.py:878} INFO - 
================================================================================
DAG File Processing Stats

File Path                               PID  Runtime      # DAGs    # Errors  Last Runtime    Last Run
------------------------------------  -----  ---------  --------  ----------  --------------  ----------
/opt/airflow/dags/ml_pipeline_dag.py    172  0.03s             0           0
================================================================================
[2025-08-30T14:25:57.731+0000] {manager.py:878} INFO - 
================================================================================
DAG File Processing Stats

File Path                             PID    Runtime      # DAGs    # Errors  Last Runtime    Last Run
------------------------------------  -----  ---------  --------  ----------  --------------  -------------------
/opt/airflow/dags/ml_pipeline_dag.py                           1           0  0.13s           2025-08-30T14:25:55
================================================================================
[2025-08-30T14:26:30.691+0000] {manager.py:878} INFO - 
================================================================================
DAG File Processing Stats

File Path                             PID    Runtime      # DAGs    # Errors  Last Runtime    Last Run
------------------------------------  -----  ---------  --------  ----------  --------------  -------------------
/opt/airflow/dags/ml_pipeline_dag.py                           1           0  0.12s           2025-08-30T14:26:26
================================================================================
[2025-08-30T14:27:03.594+0000] {manager.py:878} INFO - 
================================================================================
DAG File Processing Stats

File Path                             PID    Runtime      # DAGs    # Errors  Last Runtime    Last Run
------------------------------------  -----  ---------  --------  ----------  --------------  -------------------
/opt/airflow/dags/ml_pipeline_dag.py                           1           0  0.10s           2025-08-30T14:26:57
================================================================================
[2025-08-30T14:27:36.566+0000] {manager.py:878} INFO - 
================================================================================
DAG File Processing Stats

File Path                             PID    Runtime      # DAGs    # Errors  Last Runtime    Last Run
------------------------------------  -----  ---------  --------  ----------  --------------  -------------------
/opt/airflow/dags/ml_pipeline_dag.py                           1           0  0.17s           2025-08-30T14:27:34
================================================================================
[2025-08-30T14:28:09.531+0000] {manager.py:878} INFO - 
================================================================================
DAG File Processing Stats

File Path                             PID    Runtime      # DAGs    # Errors  Last Runtime    Last Run
------------------------------------  -----  ---------  --------  ----------  --------------  -------------------
/opt/airflow/dags/ml_pipeline_dag.py                           1           0  0.10s           2025-08-30T14:28:05
================================================================================
[2025-08-30T14:28:42.418+0000] {manager.py:878} INFO - 
================================================================================
DAG File Processing Stats

File Path                             PID    Runtime      # DAGs    # Errors  Last Runtime    Last Run
------------------------------------  -----  ---------  --------  ----------  --------------  -------------------
/opt/airflow/dags/ml_pipeline_dag.py                           1           0  0.11s           2025-08-30T14:28:36
================================================================================
[2025-08-30T14:29:15.381+0000] {manager.py:878} INFO - 
================================================================================
DAG File Processing Stats

File Path                             PID    Runtime      # DAGs    # Errors  Last Runtime    Last Run
------------------------------------  -----  ---------  --------  ----------  --------------  -------------------
/opt/airflow/dags/ml_pipeline_dag.py                           1           0  0.10s           2025-08-30T14:29:08
================================================================================
[2025-08-30T14:29:48.237+0000] {manager.py:878} INFO - 
================================================================================
DAG File Processing Stats

File Path                             PID    Runtime      # DAGs    # Errors  Last Runtime    Last Run
------------------------------------  -----  ---------  --------  ----------  --------------  -------------------
/opt/airflow/dags/ml_pipeline_dag.py                           1           0  0.11s           2025-08-30T14:29:41
================================================================================
[2025-08-30T14:30:21.190+0000] {manager.py:878} INFO - 
================================================================================
DAG File Processing Stats

File Path                             PID    Runtime      # DAGs    # Errors  Last Runtime    Last Run
------------------------------------  -----  ---------  --------  ----------  --------------  -------------------
/opt/airflow/dags/ml_pipeline_dag.py                           1           0  0.12s           2025-08-30T14:30:14
================================================================================
[2025-08-30T14:30:25.211+0000] {manager.py:737} INFO - Searching for files in /opt/airflow/dags
[2025-08-30T14:30:25.238+0000] {manager.py:740} INFO - There are 1 files in /opt/airflow/dags
[2025-08-30T14:30:54.146+0000] {manager.py:878} INFO - 
================================================================================
DAG File Processing Stats

File Path                             PID    Runtime      # DAGs    # Errors  Last Runtime    Last Run
------------------------------------  -----  ---------  --------  ----------  --------------  -------------------
/opt/airflow/dags/ml_pipeline_dag.py                           1           0  0.11s           2025-08-30T14:30:47
================================================================================
[2025-08-30T14:31:27.084+0000] {manager.py:878} INFO - 
================================================================================
DAG File Processing Stats

File Path                             PID    Runtime      # DAGs    # Errors  Last Runtime    Last Run
------------------------------------  -----  ---------  --------  ----------  --------------  -------------------
/opt/airflow/dags/ml_pipeline_dag.py                           1           0  0.11s           2025-08-30T14:31:19
================================================================================
[2025-08-30T14:32:00.043+0000] {manager.py:878} INFO - 
================================================================================
DAG File Processing Stats

File Path                             PID    Runtime      # DAGs    # Errors  Last Runtime    Last Run
------------------------------------  -----  ---------  --------  ----------  --------------  -------------------
/opt/airflow/dags/ml_pipeline_dag.py                           1           0  0.12s           2025-08-30T14:31:52
================================================================================
[2025-08-30T14:32:32.943+0000] {manager.py:878} INFO - 
================================================================================
DAG File Processing Stats

File Path                             PID    Runtime      # DAGs    # Errors  Last Runtime    Last Run
------------------------------------  -----  ---------  --------  ----------  --------------  -------------------
/opt/airflow/dags/ml_pipeline_dag.py                           1           0  0.11s           2025-08-30T14:32:24
================================================================================
[2025-08-30T14:33:05.872+0000] {manager.py:878} INFO - 
================================================================================
DAG File Processing Stats

File Path                             PID    Runtime      # DAGs    # Errors  Last Runtime    Last Run
------------------------------------  -----  ---------  --------  ----------  --------------  -------------------
/opt/airflow/dags/ml_pipeline_dag.py                           1           0  0.11s           2025-08-30T14:32:57
================================================================================
[2025-08-30T14:33:38.760+0000] {manager.py:878} INFO - 
================================================================================
DAG File Processing Stats

File Path                             PID    Runtime      # DAGs    # Errors  Last Runtime    Last Run
------------------------------------  -----  ---------  --------  ----------  --------------  -------------------
/opt/airflow/dags/ml_pipeline_dag.py                           1           0  0.10s           2025-08-30T14:33:30
================================================================================
[2025-08-30T14:34:11.706+0000] {manager.py:878} INFO - 
================================================================================
DAG File Processing Stats

File Path                             PID    Runtime      # DAGs    # Errors  Last Runtime    Last Run
------------------------------------  -----  ---------  --------  ----------  --------------  -------------------
/opt/airflow/dags/ml_pipeline_dag.py                           1           0  0.10s           2025-08-30T14:34:02
================================================================================
[2025-08-30T14:34:44.644+0000] {manager.py:878} INFO - 
================================================================================
DAG File Processing Stats

File Path                             PID    Runtime      # DAGs    # Errors  Last Runtime    Last Run
------------------------------------  -----  ---------  --------  ----------  --------------  -------------------
/opt/airflow/dags/ml_pipeline_dag.py                           1           0  0.12s           2025-08-30T14:34:35
================================================================================
[2025-08-30T14:35:17.543+0000] {manager.py:878} INFO - 
================================================================================
DAG File Processing Stats

File Path                             PID    Runtime      # DAGs    # Errors  Last Runtime    Last Run
------------------------------------  -----  ---------  --------  ----------  --------------  -------------------
/opt/airflow/dags/ml_pipeline_dag.py                           1           0  0.12s           2025-08-30T14:35:08
================================================================================
[2025-08-30T14:35:25.581+0000] {manager.py:737} INFO - Searching for files in /opt/airflow/dags
[2025-08-30T14:35:25.606+0000] {manager.py:740} INFO - There are 1 files in /opt/airflow/dags
[2025-08-30T14:35:50.517+0000] {manager.py:878} INFO - 
================================================================================
DAG File Processing Stats

File Path                             PID    Runtime      # DAGs    # Errors  Last Runtime    Last Run
------------------------------------  -----  ---------  --------  ----------  --------------  -------------------
/opt/airflow/dags/ml_pipeline_dag.py                           1           0  0.09s           2025-08-30T14:35:41
================================================================================
[2025-08-30T14:35:52.953+0000] {manager.py:452} INFO - Exiting gracefully upon receiving signal 15
[2025-08-30T14:49:02.134+0000] {manager.py:470} INFO - Processing files using up to 1 processes at a time 
[2025-08-30T14:49:02.135+0000] {manager.py:471} INFO - Process each file at most once every 30 seconds
[2025-08-30T14:49:02.137+0000] {manager.py:472} INFO - Checking for new files in /opt/airflow/dags every 300 seconds
[2025-08-30T14:49:02.138+0000] {manager.py:737} INFO - Searching for files in /opt/airflow/dags
[2025-08-30T14:49:02.165+0000] {manager.py:740} INFO - There are 1 files in /opt/airflow/dags
[2025-08-30T14:49:02.800+0000] {manager.py:878} INFO - 
================================================================================
DAG File Processing Stats

File Path                             PID    Runtime      # DAGs    # Errors  Last Runtime    Last Run
------------------------------------  -----  ---------  --------  ----------  --------------  -------------------
/opt/airflow/dags/ml_pipeline_dag.py                           1           0  0.50s           2025-08-30T14:49:02
================================================================================
[2025-08-30T14:49:36.292+0000] {manager.py:878} INFO - 
================================================================================
DAG File Processing Stats

File Path                             PID    Runtime      # DAGs    # Errors  Last Runtime    Last Run
------------------------------------  -----  ---------  --------  ----------  --------------  -------------------
/opt/airflow/dags/ml_pipeline_dag.py                           1           0  0.20s           2025-08-30T14:49:33
================================================================================
[2025-08-30T14:50:09.470+0000] {manager.py:878} INFO - 
================================================================================
DAG File Processing Stats

File Path                             PID    Runtime      # DAGs    # Errors  Last Runtime    Last Run
------------------------------------  -----  ---------  --------  ----------  --------------  -------------------
/opt/airflow/dags/ml_pipeline_dag.py                           1           0  0.20s           2025-08-30T14:50:04
================================================================================
[2025-08-30T14:50:42.643+0000] {manager.py:878} INFO - 
================================================================================
DAG File Processing Stats

File Path                             PID    Runtime      # DAGs    # Errors  Last Runtime    Last Run
------------------------------------  -----  ---------  --------  ----------  --------------  -------------------
/opt/airflow/dags/ml_pipeline_dag.py                           1           0  0.20s           2025-08-30T14:50:35
================================================================================
[2025-08-30T14:51:15.810+0000] {manager.py:878} INFO - 
================================================================================
DAG File Processing Stats

File Path                             PID    Runtime      # DAGs    # Errors  Last Runtime    Last Run
------------------------------------  -----  ---------  --------  ----------  --------------  -------------------
/opt/airflow/dags/ml_pipeline_dag.py                           1           0  0.20s           2025-08-30T14:51:06
================================================================================
[2025-08-30T14:51:49.143+0000] {manager.py:878} INFO - 
================================================================================
DAG File Processing Stats

File Path                             PID    Runtime      # DAGs    # Errors  Last Runtime    Last Run
------------------------------------  -----  ---------  --------  ----------  --------------  -------------------
/opt/airflow/dags/ml_pipeline_dag.py                           1           0  0.20s           2025-08-30T14:51:37
================================================================================
[2025-08-30T14:52:22.299+0000] {manager.py:878} INFO - 
================================================================================
DAG File Processing Stats

File Path                             PID    Runtime      # DAGs    # Errors  Last Runtime    Last Run
------------------------------------  -----  ---------  --------  ----------  --------------  -------------------
/opt/airflow/dags/ml_pipeline_dag.py                           1           0  0.20s           2025-08-30T14:52:08
================================================================================
[2025-08-30T14:52:55.552+0000] {manager.py:878} INFO - 
================================================================================
DAG File Processing Stats

File Path                             PID    Runtime      # DAGs    # Errors  Last Runtime    Last Run
------------------------------------  -----  ---------  --------  ----------  --------------  -------------------
/opt/airflow/dags/ml_pipeline_dag.py                           1           0  0.30s           2025-08-30T14:52:39
================================================================================
[2025-08-30T14:53:28.742+0000] {manager.py:878} INFO - 
================================================================================
DAG File Processing Stats

File Path                             PID    Runtime      # DAGs    # Errors  Last Runtime    Last Run
------------------------------------  -----  ---------  --------  ----------  --------------  -------------------
/opt/airflow/dags/ml_pipeline_dag.py                           1           0  0.20s           2025-08-30T14:53:10
================================================================================
[2025-08-30T14:54:01.899+0000] {manager.py:878} INFO - 
================================================================================
DAG File Processing Stats

File Path                             PID    Runtime      # DAGs    # Errors  Last Runtime    Last Run
------------------------------------  -----  ---------  --------  ----------  --------------  -------------------
/opt/airflow/dags/ml_pipeline_dag.py                           1           0  0.20s           2025-08-30T14:53:41
================================================================================
[2025-08-30T14:54:02.952+0000] {manager.py:737} INFO - Searching for files in /opt/airflow/dags
[2025-08-30T14:54:02.966+0000] {manager.py:740} INFO - There are 1 files in /opt/airflow/dags
[2025-08-30T14:54:35.190+0000] {manager.py:878} INFO - 
================================================================================
DAG File Processing Stats

File Path                             PID    Runtime      # DAGs    # Errors  Last Runtime    Last Run
------------------------------------  -----  ---------  --------  ----------  --------------  -------------------
/opt/airflow/dags/ml_pipeline_dag.py                           1           0  0.20s           2025-08-30T14:54:13
================================================================================
[2025-08-30T14:55:08.441+0000] {manager.py:878} INFO - 
================================================================================
DAG File Processing Stats

File Path                             PID    Runtime      # DAGs    # Errors  Last Runtime    Last Run
------------------------------------  -----  ---------  --------  ----------  --------------  -------------------
/opt/airflow/dags/ml_pipeline_dag.py                           1           0  0.20s           2025-08-30T14:54:46
================================================================================
[2025-08-30T14:55:41.700+0000] {manager.py:878} INFO - 
================================================================================
DAG File Processing Stats

File Path                             PID    Runtime      # DAGs    # Errors  Last Runtime    Last Run
------------------------------------  -----  ---------  --------  ----------  --------------  -------------------
/opt/airflow/dags/ml_pipeline_dag.py                           1           0  0.20s           2025-08-30T14:55:19
================================================================================
[2025-08-30T14:56:14.946+0000] {manager.py:878} INFO - 
================================================================================
DAG File Processing Stats

File Path                             PID    Runtime      # DAGs    # Errors  Last Runtime    Last Run
------------------------------------  -----  ---------  --------  ----------  --------------  -------------------
/opt/airflow/dags/ml_pipeline_dag.py                           1           0  0.20s           2025-08-30T14:55:52
================================================================================
[2025-08-30T14:56:48.102+0000] {manager.py:878} INFO - 
================================================================================
DAG File Processing Stats

File Path                             PID    Runtime      # DAGs    # Errors  Last Runtime    Last Run
------------------------------------  -----  ---------  --------  ----------  --------------  -------------------
/opt/airflow/dags/ml_pipeline_dag.py                           1           0  0.20s           2025-08-30T14:56:25
================================================================================
[2025-08-30T14:57:21.238+0000] {manager.py:878} INFO - 
================================================================================
DAG File Processing Stats

File Path                             PID    Runtime      # DAGs    # Errors  Last Runtime    Last Run
------------------------------------  -----  ---------  --------  ----------  --------------  -------------------
/opt/airflow/dags/ml_pipeline_dag.py                           1           0  0.20s           2025-08-30T14:56:57
================================================================================
[2025-08-30T14:57:54.359+0000] {manager.py:878} INFO - 
================================================================================
DAG File Processing Stats

File Path                             PID    Runtime      # DAGs    # Errors  Last Runtime    Last Run
------------------------------------  -----  ---------  --------  ----------  --------------  -------------------
/opt/airflow/dags/ml_pipeline_dag.py                           1           0  0.20s           2025-08-30T14:57:30
================================================================================
[2025-08-30T14:58:27.589+0000] {manager.py:878} INFO - 
================================================================================
DAG File Processing Stats

File Path                             PID    Runtime      # DAGs    # Errors  Last Runtime    Last Run
------------------------------------  -----  ---------  --------  ----------  --------------  -------------------
/opt/airflow/dags/ml_pipeline_dag.py                           1           0  0.20s           2025-08-30T14:58:03
================================================================================
[2025-08-30T14:59:00.709+0000] {manager.py:878} INFO - 
================================================================================
DAG File Processing Stats

File Path                             PID    Runtime      # DAGs    # Errors  Last Runtime    Last Run
------------------------------------  -----  ---------  --------  ----------  --------------  -------------------
/opt/airflow/dags/ml_pipeline_dag.py                           1           0  0.20s           2025-08-30T14:58:36
================================================================================
[2025-08-30T14:59:03.924+0000] {manager.py:737} INFO - Searching for files in /opt/airflow/dags
[2025-08-30T14:59:03.950+0000] {manager.py:740} INFO - There are 1 files in /opt/airflow/dags
[2025-08-30T14:59:33.850+0000] {manager.py:878} INFO - 
================================================================================
DAG File Processing Stats

File Path                             PID    Runtime      # DAGs    # Errors  Last Runtime    Last Run
------------------------------------  -----  ---------  --------  ----------  --------------  -------------------
/opt/airflow/dags/ml_pipeline_dag.py                           1           0  0.20s           2025-08-30T14:59:08
================================================================================
[2025-08-30T15:00:06.895+0000] {manager.py:878} INFO - 
================================================================================
DAG File Processing Stats

File Path                             PID    Runtime      # DAGs    # Errors  Last Runtime    Last Run
------------------------------------  -----  ---------  --------  ----------  --------------  -------------------
/opt/airflow/dags/ml_pipeline_dag.py                           1           0  0.20s           2025-08-30T14:59:41
================================================================================
[2025-08-30T15:00:39.979+0000] {manager.py:878} INFO - 
================================================================================
DAG File Processing Stats

File Path                             PID    Runtime      # DAGs    # Errors  Last Runtime    Last Run
------------------------------------  -----  ---------  --------  ----------  --------------  -------------------
/opt/airflow/dags/ml_pipeline_dag.py                           1           0  0.20s           2025-08-30T15:00:14
================================================================================
[2025-08-30T15:01:13.383+0000] {manager.py:878} INFO - 
================================================================================
DAG File Processing Stats

File Path                             PID    Runtime      # DAGs    # Errors  Last Runtime    Last Run
------------------------------------  -----  ---------  --------  ----------  --------------  -------------------
/opt/airflow/dags/ml_pipeline_dag.py                           1           0  0.20s           2025-08-30T15:00:46
================================================================================
[2025-08-30T15:01:46.862+0000] {manager.py:878} INFO - 
================================================================================
DAG File Processing Stats

File Path                             PID    Runtime      # DAGs    # Errors  Last Runtime    Last Run
------------------------------------  -----  ---------  --------  ----------  --------------  -------------------
/opt/airflow/dags/ml_pipeline_dag.py                           0           1  0.30s           2025-08-30T15:01:46
================================================================================
[2025-08-30T15:01:52.691+0000] {manager.py:452} INFO - Exiting gracefully upon receiving signal 15
[2025-08-30T15:02:04.295+0000] {manager.py:470} INFO - Processing files using up to 1 processes at a time 
[2025-08-30T15:02:04.305+0000] {manager.py:471} INFO - Process each file at most once every 30 seconds
[2025-08-30T15:02:04.309+0000] {manager.py:472} INFO - Checking for new files in /opt/airflow/dags every 300 seconds
[2025-08-30T15:02:04.315+0000] {manager.py:737} INFO - Searching for files in /opt/airflow/dags
[2025-08-30T15:02:04.327+0000] {manager.py:740} INFO - There are 1 files in /opt/airflow/dags
[2025-08-30T15:02:04.756+0000] {manager.py:878} INFO - 
================================================================================
DAG File Processing Stats

File Path                             PID    Runtime      # DAGs    # Errors  Last Runtime    Last Run
------------------------------------  -----  ---------  --------  ----------  --------------  -------------------
/opt/airflow/dags/ml_pipeline_dag.py                           0           1  0.31s           2025-08-30T15:02:04
================================================================================
[2025-08-30T15:02:38.523+0000] {manager.py:878} INFO - 
================================================================================
DAG File Processing Stats

File Path                             PID    Runtime      # DAGs    # Errors  Last Runtime    Last Run
------------------------------------  -----  ---------  --------  ----------  --------------  -------------------
/opt/airflow/dags/ml_pipeline_dag.py                           0           1  0.40s           2025-08-30T15:02:35
================================================================================
[2025-08-30T15:03:11.706+0000] {manager.py:878} INFO - 
================================================================================
DAG File Processing Stats

File Path                             PID    Runtime      # DAGs    # Errors  Last Runtime    Last Run
------------------------------------  -----  ---------  --------  ----------  --------------  -------------------
/opt/airflow/dags/ml_pipeline_dag.py                           0           1  0.30s           2025-08-30T15:03:06
================================================================================
[2025-08-30T15:03:44.855+0000] {manager.py:878} INFO - 
================================================================================
DAG File Processing Stats

File Path                             PID    Runtime      # DAGs    # Errors  Last Runtime    Last Run
------------------------------------  -----  ---------  --------  ----------  --------------  -------------------
/opt/airflow/dags/ml_pipeline_dag.py                           0           1  0.31s           2025-08-30T15:03:38
================================================================================
[2025-08-30T15:04:18.010+0000] {manager.py:878} INFO - 
================================================================================
DAG File Processing Stats

File Path                             PID    Runtime      # DAGs    # Errors  Last Runtime    Last Run
------------------------------------  -----  ---------  --------  ----------  --------------  -------------------
/opt/airflow/dags/ml_pipeline_dag.py                           0           1  0.30s           2025-08-30T15:04:09
================================================================================
[2025-08-30T15:04:25.107+0000] {manager.py:452} INFO - Exiting gracefully upon receiving signal 15
[2025-08-30T15:04:40.951+0000] {manager.py:470} INFO - Processing files using up to 1 processes at a time 
[2025-08-30T15:04:40.952+0000] {manager.py:471} INFO - Process each file at most once every 30 seconds
[2025-08-30T15:04:40.954+0000] {manager.py:472} INFO - Checking for new files in /opt/airflow/dags every 300 seconds
[2025-08-30T15:04:40.955+0000] {manager.py:737} INFO - Searching for files in /opt/airflow/dags
[2025-08-30T15:04:40.978+0000] {manager.py:740} INFO - There are 1 files in /opt/airflow/dags
[2025-08-30T15:04:42.406+0000] {manager.py:878} INFO - 
================================================================================
DAG File Processing Stats

File Path                             PID    Runtime      # DAGs    # Errors  Last Runtime    Last Run
------------------------------------  -----  ---------  --------  ----------  --------------  -------------------
/opt/airflow/dags/ml_pipeline_dag.py                           1           0  1.31s           2025-08-30T15:04:42
================================================================================
[2025-08-30T15:04:44.747+0000] {manager.py:452} INFO - Exiting gracefully upon receiving signal 15
[2025-08-30T15:05:20.049+0000] {manager.py:470} INFO - Processing files using up to 1 processes at a time 
[2025-08-30T15:05:20.062+0000] {manager.py:471} INFO - Process each file at most once every 30 seconds
[2025-08-30T15:05:20.066+0000] {manager.py:472} INFO - Checking for new files in /opt/airflow/dags every 300 seconds
[2025-08-30T15:05:20.067+0000] {manager.py:737} INFO - Searching for files in /opt/airflow/dags
[2025-08-30T15:05:20.101+0000] {manager.py:740} INFO - There are 1 files in /opt/airflow/dags
[2025-08-30T15:05:29.660+0000] {manager.py:878} INFO - 
================================================================================
DAG File Processing Stats

File Path                             PID    Runtime      # DAGs    # Errors  Last Runtime    Last Run
------------------------------------  -----  ---------  --------  ----------  --------------  -------------------
/opt/airflow/dags/ml_pipeline_dag.py                           1           0  9.23s           2025-08-30T15:05:29
================================================================================
[2025-08-30T15:06:20.178+0000] {manager.py:878} INFO - 
================================================================================
DAG File Processing Stats

File Path                             PID    Runtime      # DAGs    # Errors  Last Runtime    Last Run
------------------------------------  -----  ---------  --------  ----------  --------------  -------------------
/opt/airflow/dags/ml_pipeline_dag.py                           1           0  19.79s          2025-08-30T15:06:20
================================================================================
[2025-08-30T15:19:41.485+0000] {manager.py:452} INFO - Exiting gracefully upon receiving signal 15
[2025-08-30T15:19:42.812+0000] {manager.py:470} INFO - Processing files using up to 1 processes at a time 
[2025-08-30T15:19:42.814+0000] {manager.py:471} INFO - Process each file at most once every 30 seconds
[2025-08-30T15:19:42.815+0000] {manager.py:472} INFO - Checking for new files in /opt/airflow/dags every 300 seconds
[2025-08-30T15:19:42.817+0000] {manager.py:737} INFO - Searching for files in /opt/airflow/dags
[2025-08-30T15:19:42.865+0000] {manager.py:740} INFO - There are 1 files in /opt/airflow/dags
[2025-08-30T15:19:43.698+0000] {manager.py:878} INFO - 
================================================================================
DAG File Processing Stats

File Path                             PID    Runtime      # DAGs    # Errors  Last Runtime    Last Run
------------------------------------  -----  ---------  --------  ----------  --------------  -------------------
/opt/airflow/dags/ml_pipeline_dag.py                           1           0  0.71s           2025-08-30T15:19:43
================================================================================
[2025-08-30T15:20:16.628+0000] {manager.py:878} INFO - 
================================================================================
DAG File Processing Stats

File Path                             PID    Runtime      # DAGs    # Errors  Last Runtime    Last Run
------------------------------------  -----  ---------  --------  ----------  --------------  -------------------
/opt/airflow/dags/ml_pipeline_dag.py                           1           0  0.20s           2025-08-30T15:20:14
================================================================================
[2025-08-30T15:20:49.787+0000] {manager.py:878} INFO - 
================================================================================
DAG File Processing Stats

File Path                             PID    Runtime      # DAGs    # Errors  Last Runtime    Last Run
------------------------------------  -----  ---------  --------  ----------  --------------  -------------------
/opt/airflow/dags/ml_pipeline_dag.py                           1           0  0.20s           2025-08-30T15:20:46
================================================================================
[2025-08-30T15:21:23.036+0000] {manager.py:878} INFO - 
================================================================================
DAG File Processing Stats

File Path                             PID    Runtime      # DAGs    # Errors  Last Runtime    Last Run
------------------------------------  -----  ---------  --------  ----------  --------------  -------------------
/opt/airflow/dags/ml_pipeline_dag.py                           1           0  0.20s           2025-08-30T15:21:16
================================================================================
[2025-08-30T15:21:37.413+0000] {manager.py:452} INFO - Exiting gracefully upon receiving signal 15
[2025-08-30T15:21:57.503+0000] {manager.py:470} INFO - Processing files using up to 1 processes at a time 
[2025-08-30T15:21:57.504+0000] {manager.py:471} INFO - Process each file at most once every 30 seconds
[2025-08-30T15:21:57.505+0000] {manager.py:472} INFO - Checking for new files in /opt/airflow/dags every 300 seconds
[2025-08-30T15:21:57.506+0000] {manager.py:737} INFO - Searching for files in /opt/airflow/dags
[2025-08-30T15:21:57.529+0000] {manager.py:740} INFO - There are 1 files in /opt/airflow/dags
[2025-08-30T15:21:57.840+0000] {manager.py:878} INFO - 
================================================================================
DAG File Processing Stats

File Path                             PID    Runtime      # DAGs    # Errors  Last Runtime    Last Run
------------------------------------  -----  ---------  --------  ----------  --------------  -------------------
/opt/airflow/dags/ml_pipeline_dag.py                           1           0  0.20s           2025-08-30T15:21:57
================================================================================
[2025-08-30T15:22:30.671+0000] {manager.py:878} INFO - 
================================================================================
DAG File Processing Stats

File Path                             PID    Runtime      # DAGs    # Errors  Last Runtime    Last Run
------------------------------------  -----  ---------  --------  ----------  --------------  -------------------
/opt/airflow/dags/ml_pipeline_dag.py                           1           0  0.20s           2025-08-30T15:22:29
================================================================================
[2025-08-30T15:22:54.541+0000] {manager.py:452} INFO - Exiting gracefully upon receiving signal 15
[2025-08-30T15:23:09.240+0000] {manager.py:470} INFO - Processing files using up to 1 processes at a time 
[2025-08-30T15:23:09.241+0000] {manager.py:471} INFO - Process each file at most once every 30 seconds
[2025-08-30T15:23:09.242+0000] {manager.py:472} INFO - Checking for new files in /opt/airflow/dags every 300 seconds
[2025-08-30T15:23:09.243+0000] {manager.py:737} INFO - Searching for files in /opt/airflow/dags
[2025-08-30T15:23:09.260+0000] {manager.py:740} INFO - There are 1 files in /opt/airflow/dags
[2025-08-30T15:23:09.551+0000] {manager.py:878} INFO - 
================================================================================
DAG File Processing Stats

File Path                             PID    Runtime      # DAGs    # Errors  Last Runtime    Last Run
------------------------------------  -----  ---------  --------  ----------  --------------  -------------------
/opt/airflow/dags/ml_pipeline_dag.py                           1           0  0.20s           2025-08-30T15:23:09
================================================================================
[2025-08-30T15:23:42.283+0000] {manager.py:878} INFO - 
================================================================================
DAG File Processing Stats

File Path                             PID    Runtime      # DAGs    # Errors  Last Runtime    Last Run
------------------------------------  -----  ---------  --------  ----------  --------------  -------------------
/opt/airflow/dags/ml_pipeline_dag.py                           1           0  0.30s           2025-08-30T15:23:41
================================================================================
[2025-08-30T15:24:15.075+0000] {manager.py:878} INFO - 
================================================================================
DAG File Processing Stats

File Path                             PID    Runtime      # DAGs    # Errors  Last Runtime    Last Run
------------------------------------  -----  ---------  --------  ----------  --------------  -------------------
/opt/airflow/dags/ml_pipeline_dag.py                           1           0  0.21s           2025-08-30T15:24:14
================================================================================
[2025-08-30T15:24:27.061+0000] {manager.py:452} INFO - Exiting gracefully upon receiving signal 15
[2025-08-30T15:24:37.751+0000] {manager.py:470} INFO - Processing files using up to 1 processes at a time 
[2025-08-30T15:24:37.752+0000] {manager.py:471} INFO - Process each file at most once every 30 seconds
[2025-08-30T15:24:37.753+0000] {manager.py:472} INFO - Checking for new files in /opt/airflow/dags every 300 seconds
[2025-08-30T15:24:37.754+0000] {manager.py:737} INFO - Searching for files in /opt/airflow/dags
[2025-08-30T15:24:37.780+0000] {manager.py:740} INFO - There are 1 files in /opt/airflow/dags
[2025-08-30T15:24:38.083+0000] {manager.py:878} INFO - 
================================================================================
DAG File Processing Stats

File Path                             PID    Runtime      # DAGs    # Errors  Last Runtime    Last Run
------------------------------------  -----  ---------  --------  ----------  --------------  -------------------
/opt/airflow/dags/ml_pipeline_dag.py                           1           0  0.20s           2025-08-30T15:24:38
================================================================================
[2025-08-30T15:25:12.944+0000] {manager.py:878} INFO - 
================================================================================
DAG File Processing Stats

File Path                             PID    Runtime      # DAGs    # Errors  Last Runtime    Last Run
------------------------------------  -----  ---------  --------  ----------  --------------  -------------------
/opt/airflow/dags/ml_pipeline_dag.py                           1           0  0.30s           2025-08-30T15:25:08
================================================================================
[2025-08-30T15:25:44.433+0000] {manager.py:878} INFO - 
================================================================================
DAG File Processing Stats

File Path                             PID    Runtime      # DAGs    # Errors  Last Runtime    Last Run
------------------------------------  -----  ---------  --------  ----------  --------------  -------------------
/opt/airflow/dags/ml_pipeline_dag.py                           1           0  0.20s           2025-08-30T15:25:38
================================================================================
[2025-08-30T15:26:17.328+0000] {manager.py:878} INFO - 
================================================================================
DAG File Processing Stats

File Path                             PID    Runtime      # DAGs    # Errors  Last Runtime    Last Run
------------------------------------  -----  ---------  --------  ----------  --------------  -------------------
/opt/airflow/dags/ml_pipeline_dag.py                           1           0  0.20s           2025-08-30T15:26:09
================================================================================
[2025-08-30T15:26:50.185+0000] {manager.py:878} INFO - 
================================================================================
DAG File Processing Stats

File Path                             PID    Runtime      # DAGs    # Errors  Last Runtime    Last Run
------------------------------------  -----  ---------  --------  ----------  --------------  -------------------
/opt/airflow/dags/ml_pipeline_dag.py                           1           0  0.20s           2025-08-30T15:26:40
================================================================================
[2025-08-30T15:27:23.058+0000] {manager.py:878} INFO - 
================================================================================
DAG File Processing Stats

File Path                             PID    Runtime      # DAGs    # Errors  Last Runtime    Last Run
------------------------------------  -----  ---------  --------  ----------  --------------  -------------------
/opt/airflow/dags/ml_pipeline_dag.py                           1           0  0.20s           2025-08-30T15:27:11
================================================================================
[2025-08-30T15:27:55.893+0000] {manager.py:878} INFO - 
================================================================================
DAG File Processing Stats

File Path                             PID    Runtime      # DAGs    # Errors  Last Runtime    Last Run
------------------------------------  -----  ---------  --------  ----------  --------------  -------------------
/opt/airflow/dags/ml_pipeline_dag.py                           1           0  0.20s           2025-08-30T15:27:42
================================================================================
[2025-08-30T15:28:29.013+0000] {manager.py:878} INFO - 
================================================================================
DAG File Processing Stats

File Path                             PID    Runtime      # DAGs    # Errors  Last Runtime    Last Run
------------------------------------  -----  ---------  --------  ----------  --------------  -------------------
/opt/airflow/dags/ml_pipeline_dag.py                           1           0  0.20s           2025-08-30T15:28:12
================================================================================
[2025-08-30T15:29:02.244+0000] {manager.py:878} INFO - 
================================================================================
DAG File Processing Stats

File Path                             PID    Runtime      # DAGs    # Errors  Last Runtime    Last Run
------------------------------------  -----  ---------  --------  ----------  --------------  -------------------
/opt/airflow/dags/ml_pipeline_dag.py                           1           0  0.20s           2025-08-30T15:28:43
================================================================================
[2025-08-30T15:29:35.488+0000] {manager.py:878} INFO - 
================================================================================
DAG File Processing Stats

File Path                             PID    Runtime      # DAGs    # Errors  Last Runtime    Last Run
------------------------------------  -----  ---------  --------  ----------  --------------  -------------------
/opt/airflow/dags/ml_pipeline_dag.py                           1           0  0.20s           2025-08-30T15:29:13
================================================================================
[2025-08-30T15:29:37.985+0000] {manager.py:737} INFO - Searching for files in /opt/airflow/dags
[2025-08-30T15:29:38.002+0000] {manager.py:740} INFO - There are 1 files in /opt/airflow/dags
[2025-08-30T15:30:08.713+0000] {manager.py:878} INFO - 
================================================================================
DAG File Processing Stats

File Path                             PID    Runtime      # DAGs    # Errors  Last Runtime    Last Run
------------------------------------  -----  ---------  --------  ----------  --------------  -------------------
/opt/airflow/dags/ml_pipeline_dag.py                           1           0  0.21s           2025-08-30T15:29:44
================================================================================
[2025-08-30T15:30:42.014+0000] {manager.py:878} INFO - 
================================================================================
DAG File Processing Stats

File Path                             PID    Runtime      # DAGs    # Errors  Last Runtime    Last Run
------------------------------------  -----  ---------  --------  ----------  --------------  -------------------
/opt/airflow/dags/ml_pipeline_dag.py                           1           0  0.20s           2025-08-30T15:30:14
================================================================================
[2025-08-30T15:31:15.133+0000] {manager.py:878} INFO - 
================================================================================
DAG File Processing Stats

File Path                             PID    Runtime      # DAGs    # Errors  Last Runtime    Last Run
------------------------------------  -----  ---------  --------  ----------  --------------  -------------------
/opt/airflow/dags/ml_pipeline_dag.py                           1           0  0.20s           2025-08-30T15:30:46
================================================================================
[2025-08-30T15:31:40.273+0000] {manager.py:452} INFO - Exiting gracefully upon receiving signal 15
[2025-08-30T15:31:55.060+0000] {manager.py:470} INFO - Processing files using up to 1 processes at a time 
[2025-08-30T15:31:55.061+0000] {manager.py:471} INFO - Process each file at most once every 30 seconds
[2025-08-30T15:31:55.062+0000] {manager.py:472} INFO - Checking for new files in /opt/airflow/dags every 300 seconds
[2025-08-30T15:31:55.063+0000] {manager.py:737} INFO - Searching for files in /opt/airflow/dags
[2025-08-30T15:31:55.087+0000] {manager.py:740} INFO - There are 1 files in /opt/airflow/dags
[2025-08-30T15:31:55.396+0000] {manager.py:878} INFO - 
================================================================================
DAG File Processing Stats

File Path                             PID    Runtime      # DAGs    # Errors  Last Runtime    Last Run
------------------------------------  -----  ---------  --------  ----------  --------------  -------------------
/opt/airflow/dags/ml_pipeline_dag.py                           1           0  0.20s           2025-08-30T15:31:55
================================================================================
[2025-08-30T15:32:28.561+0000] {manager.py:878} INFO - 
================================================================================
DAG File Processing Stats

File Path                             PID    Runtime      # DAGs    # Errors  Last Runtime    Last Run
------------------------------------  -----  ---------  --------  ----------  --------------  -------------------
/opt/airflow/dags/ml_pipeline_dag.py                           1           0  0.30s           2025-08-30T15:32:25
================================================================================
[2025-08-30T15:33:01.481+0000] {manager.py:878} INFO - 
================================================================================
DAG File Processing Stats

File Path                             PID    Runtime      # DAGs    # Errors  Last Runtime    Last Run
------------------------------------  -----  ---------  --------  ----------  --------------  -------------------
/opt/airflow/dags/ml_pipeline_dag.py                           1           0  0.20s           2025-08-30T15:32:58
================================================================================
[2025-08-30T15:33:34.407+0000] {manager.py:878} INFO - 
================================================================================
DAG File Processing Stats

File Path                             PID    Runtime      # DAGs    # Errors  Last Runtime    Last Run
------------------------------------  -----  ---------  --------  ----------  --------------  -------------------
/opt/airflow/dags/ml_pipeline_dag.py                           1           0  0.20s           2025-08-30T15:33:30
================================================================================
[2025-08-30T15:34:07.153+0000] {manager.py:878} INFO - 
================================================================================
DAG File Processing Stats

File Path                             PID    Runtime      # DAGs    # Errors  Last Runtime    Last Run
------------------------------------  -----  ---------  --------  ----------  --------------  -------------------
/opt/airflow/dags/ml_pipeline_dag.py                           1           0  0.20s           2025-08-30T15:34:04
================================================================================
[2025-08-30T15:34:39.955+0000] {manager.py:878} INFO - 
================================================================================
DAG File Processing Stats

File Path                             PID    Runtime      # DAGs    # Errors  Last Runtime    Last Run
------------------------------------  -----  ---------  --------  ----------  --------------  -------------------
/opt/airflow/dags/ml_pipeline_dag.py                           1           0  0.20s           2025-08-30T15:34:36
================================================================================
[2025-08-30T15:34:48.332+0000] {manager.py:452} INFO - Exiting gracefully upon receiving signal 15
[2025-08-30T15:34:55.012+0000] {manager.py:470} INFO - Processing files using up to 1 processes at a time 
[2025-08-30T15:34:55.013+0000] {manager.py:471} INFO - Process each file at most once every 30 seconds
[2025-08-30T15:34:55.014+0000] {manager.py:472} INFO - Checking for new files in /opt/airflow/dags every 300 seconds
[2025-08-30T15:34:55.015+0000] {manager.py:737} INFO - Searching for files in /opt/airflow/dags
[2025-08-30T15:34:55.061+0000] {manager.py:740} INFO - There are 1 files in /opt/airflow/dags
[2025-08-30T15:34:55.380+0000] {manager.py:878} INFO - 
================================================================================
DAG File Processing Stats

File Path                             PID    Runtime      # DAGs    # Errors  Last Runtime    Last Run
------------------------------------  -----  ---------  --------  ----------  --------------  -------------------
/opt/airflow/dags/ml_pipeline_dag.py                           1           0  0.20s           2025-08-30T15:34:55
================================================================================
[2025-08-30T15:35:28.621+0000] {manager.py:878} INFO - 
================================================================================
DAG File Processing Stats

File Path                             PID    Runtime      # DAGs    # Errors  Last Runtime    Last Run
------------------------------------  -----  ---------  --------  ----------  --------------  -------------------
/opt/airflow/dags/ml_pipeline_dag.py                           1           0  0.20s           2025-08-30T15:35:26
================================================================================
[2025-08-30T15:36:01.547+0000] {manager.py:878} INFO - 
================================================================================
DAG File Processing Stats

File Path                             PID    Runtime      # DAGs    # Errors  Last Runtime    Last Run
------------------------------------  -----  ---------  --------  ----------  --------------  -------------------
/opt/airflow/dags/ml_pipeline_dag.py                           1           0  0.20s           2025-08-30T15:35:56
================================================================================
[2025-08-30T15:36:34.502+0000] {manager.py:878} INFO - 
================================================================================
DAG File Processing Stats

File Path                             PID    Runtime      # DAGs    # Errors  Last Runtime    Last Run
------------------------------------  -----  ---------  --------  ----------  --------------  -------------------
/opt/airflow/dags/ml_pipeline_dag.py                           1           0  0.20s           2025-08-30T15:36:27
================================================================================
[2025-08-30T15:37:07.414+0000] {manager.py:878} INFO - 
================================================================================
DAG File Processing Stats

File Path                             PID    Runtime      # DAGs    # Errors  Last Runtime    Last Run
------------------------------------  -----  ---------  --------  ----------  --------------  -------------------
/opt/airflow/dags/ml_pipeline_dag.py                           1           0  0.20s           2025-08-30T15:36:58
================================================================================
[2025-08-30T15:37:40.306+0000] {manager.py:878} INFO - 
================================================================================
DAG File Processing Stats

File Path                             PID    Runtime      # DAGs    # Errors  Last Runtime    Last Run
------------------------------------  -----  ---------  --------  ----------  --------------  -------------------
/opt/airflow/dags/ml_pipeline_dag.py                           1           0  0.20s           2025-08-30T15:37:29
================================================================================
[2025-08-30T15:38:13.207+0000] {manager.py:878} INFO - 
================================================================================
DAG File Processing Stats

File Path                             PID    Runtime      # DAGs    # Errors  Last Runtime    Last Run
------------------------------------  -----  ---------  --------  ----------  --------------  -------------------
/opt/airflow/dags/ml_pipeline_dag.py                           1           0  0.20s           2025-08-30T15:37:59
================================================================================
[2025-08-30T15:38:46.283+0000] {manager.py:878} INFO - 
================================================================================
DAG File Processing Stats

File Path                             PID    Runtime      # DAGs    # Errors  Last Runtime    Last Run
------------------------------------  -----  ---------  --------  ----------  --------------  -------------------
/opt/airflow/dags/ml_pipeline_dag.py                           1           0  0.20s           2025-08-30T15:38:40
================================================================================
[2025-08-30T15:38:48.738+0000] {manager.py:452} INFO - Exiting gracefully upon receiving signal 15
[2025-08-30T15:38:57.884+0000] {manager.py:470} INFO - Processing files using up to 1 processes at a time 
[2025-08-30T15:38:57.884+0000] {manager.py:471} INFO - Process each file at most once every 30 seconds
[2025-08-30T15:38:57.885+0000] {manager.py:472} INFO - Checking for new files in /opt/airflow/dags every 300 seconds
[2025-08-30T15:38:57.886+0000] {manager.py:737} INFO - Searching for files in /opt/airflow/dags
[2025-08-30T15:38:57.904+0000] {manager.py:740} INFO - There are 1 files in /opt/airflow/dags
[2025-08-30T15:38:58.227+0000] {manager.py:878} INFO - 
================================================================================
DAG File Processing Stats

File Path                             PID    Runtime      # DAGs    # Errors  Last Runtime    Last Run
------------------------------------  -----  ---------  --------  ----------  --------------  -------------------
/opt/airflow/dags/ml_pipeline_dag.py                           1           0  0.20s           2025-08-30T15:38:58
================================================================================
[2025-08-30T15:39:31.508+0000] {manager.py:878} INFO - 
================================================================================
DAG File Processing Stats

File Path                             PID    Runtime      # DAGs    # Errors  Last Runtime    Last Run
------------------------------------  -----  ---------  --------  ----------  --------------  -------------------
/opt/airflow/dags/ml_pipeline_dag.py                           1           0  0.20s           2025-08-30T15:39:30
================================================================================
[2025-08-30T15:40:04.539+0000] {manager.py:878} INFO - 
================================================================================
DAG File Processing Stats

File Path                             PID    Runtime      # DAGs    # Errors  Last Runtime    Last Run
------------------------------------  -----  ---------  --------  ----------  --------------  -------------------
/opt/airflow/dags/ml_pipeline_dag.py                           1           0  0.20s           2025-08-30T15:40:03
================================================================================
[2025-08-30T15:40:37.492+0000] {manager.py:878} INFO - 
================================================================================
DAG File Processing Stats

File Path                             PID    Runtime      # DAGs    # Errors  Last Runtime    Last Run
------------------------------------  -----  ---------  --------  ----------  --------------  -------------------
/opt/airflow/dags/ml_pipeline_dag.py                           1           0  0.20s           2025-08-30T15:40:36
================================================================================
[2025-08-30T15:41:10.448+0000] {manager.py:878} INFO - 
================================================================================
DAG File Processing Stats

File Path                             PID    Runtime      # DAGs    # Errors  Last Runtime    Last Run
------------------------------------  -----  ---------  --------  ----------  --------------  -------------------
/opt/airflow/dags/ml_pipeline_dag.py                           1           0  0.20s           2025-08-30T15:41:09
================================================================================
[2025-08-30T15:41:43.415+0000] {manager.py:878} INFO - 
================================================================================
DAG File Processing Stats

File Path                             PID    Runtime      # DAGs    # Errors  Last Runtime    Last Run
------------------------------------  -----  ---------  --------  ----------  --------------  -------------------
/opt/airflow/dags/ml_pipeline_dag.py                           1           0  0.20s           2025-08-30T15:41:42
================================================================================
[2025-08-30T15:42:16.385+0000] {manager.py:878} INFO - 
================================================================================
DAG File Processing Stats

File Path                             PID    Runtime      # DAGs    # Errors  Last Runtime    Last Run
------------------------------------  -----  ---------  --------  ----------  --------------  -------------------
/opt/airflow/dags/ml_pipeline_dag.py                           1           0  0.20s           2025-08-30T15:42:14
================================================================================
[2025-08-30T15:42:49.321+0000] {manager.py:878} INFO - 
================================================================================
DAG File Processing Stats

File Path                             PID    Runtime      # DAGs    # Errors  Last Runtime    Last Run
------------------------------------  -----  ---------  --------  ----------  --------------  -------------------
/opt/airflow/dags/ml_pipeline_dag.py                           1           0  0.20s           2025-08-30T15:42:47
================================================================================
[2025-08-30T15:43:22.243+0000] {manager.py:878} INFO - 
================================================================================
DAG File Processing Stats

File Path                             PID    Runtime      # DAGs    # Errors  Last Runtime    Last Run
------------------------------------  -----  ---------  --------  ----------  --------------  -------------------
/opt/airflow/dags/ml_pipeline_dag.py                           1           0  0.20s           2025-08-30T15:43:20
================================================================================
[2025-08-30T15:43:55.124+0000] {manager.py:878} INFO - 
================================================================================
DAG File Processing Stats

File Path                             PID    Runtime      # DAGs    # Errors  Last Runtime    Last Run
------------------------------------  -----  ---------  --------  ----------  --------------  -------------------
/opt/airflow/dags/ml_pipeline_dag.py                           1           0  0.20s           2025-08-30T15:43:52
================================================================================
[2025-08-30T15:43:58.324+0000] {manager.py:737} INFO - Searching for files in /opt/airflow/dags
[2025-08-30T15:43:58.344+0000] {manager.py:740} INFO - There are 1 files in /opt/airflow/dags
[2025-08-30T15:44:28.083+0000] {manager.py:878} INFO - 
================================================================================
DAG File Processing Stats

File Path                             PID    Runtime      # DAGs    # Errors  Last Runtime    Last Run
------------------------------------  -----  ---------  --------  ----------  --------------  -------------------
/opt/airflow/dags/ml_pipeline_dag.py                           1           0  0.20s           2025-08-30T15:44:25
================================================================================
[2025-08-30T15:45:01.008+0000] {manager.py:878} INFO - 
================================================================================
DAG File Processing Stats

File Path                             PID    Runtime      # DAGs    # Errors  Last Runtime    Last Run
------------------------------------  -----  ---------  --------  ----------  --------------  -------------------
/opt/airflow/dags/ml_pipeline_dag.py                           1           0  0.20s           2025-08-30T15:44:58
================================================================================
[2025-08-30T15:45:33.979+0000] {manager.py:878} INFO - 
================================================================================
DAG File Processing Stats

File Path                             PID    Runtime      # DAGs    # Errors  Last Runtime    Last Run
------------------------------------  -----  ---------  --------  ----------  --------------  -------------------
/opt/airflow/dags/ml_pipeline_dag.py                           1           0  0.20s           2025-08-30T15:45:31
================================================================================
[2025-08-30T15:46:06.855+0000] {manager.py:878} INFO - 
================================================================================
DAG File Processing Stats

File Path                             PID    Runtime      # DAGs    # Errors  Last Runtime    Last Run
------------------------------------  -----  ---------  --------  ----------  --------------  -------------------
/opt/airflow/dags/ml_pipeline_dag.py                           1           0  0.20s           2025-08-30T15:46:04
================================================================================
[2025-08-30T15:46:32.360+0000] {manager.py:452} INFO - Exiting gracefully upon receiving signal 15
[2025-08-30T15:46:47.814+0000] {manager.py:470} INFO - Processing files using up to 1 processes at a time 
[2025-08-30T15:46:47.815+0000] {manager.py:471} INFO - Process each file at most once every 30 seconds
[2025-08-30T15:46:47.816+0000] {manager.py:472} INFO - Checking for new files in /opt/airflow/dags every 300 seconds
[2025-08-30T15:46:47.817+0000] {manager.py:737} INFO - Searching for files in /opt/airflow/dags
[2025-08-30T15:46:47.841+0000] {manager.py:740} INFO - There are 1 files in /opt/airflow/dags
[2025-08-30T15:46:48.138+0000] {manager.py:878} INFO - 
================================================================================
DAG File Processing Stats

File Path                             PID    Runtime      # DAGs    # Errors  Last Runtime    Last Run
------------------------------------  -----  ---------  --------  ----------  --------------  -------------------
/opt/airflow/dags/ml_pipeline_dag.py                           1           0  0.20s           2025-08-30T15:46:48
================================================================================
[2025-08-30T15:54:22.627+0000] {manager.py:452} INFO - Exiting gracefully upon receiving signal 15
[2025-08-30T15:54:22.871+0000] {manager.py:470} INFO - Processing files using up to 1 processes at a time 
[2025-08-30T15:54:22.872+0000] {manager.py:471} INFO - Process each file at most once every 30 seconds
[2025-08-30T15:54:22.873+0000] {manager.py:472} INFO - Checking for new files in /opt/airflow/dags every 300 seconds
[2025-08-30T15:54:22.874+0000] {manager.py:737} INFO - Searching for files in /opt/airflow/dags
[2025-08-30T15:54:22.894+0000] {manager.py:740} INFO - There are 1 files in /opt/airflow/dags
[2025-08-30T15:54:23.178+0000] {manager.py:878} INFO - 
================================================================================
DAG File Processing Stats

File Path                             PID    Runtime      # DAGs    # Errors  Last Runtime    Last Run
------------------------------------  -----  ---------  --------  ----------  --------------  -------------------
/opt/airflow/dags/ml_pipeline_dag.py                           1           0  0.20s           2025-08-30T15:54:23
================================================================================
[2025-08-30T15:54:56.053+0000] {manager.py:878} INFO - 
================================================================================
DAG File Processing Stats

File Path                             PID    Runtime      # DAGs    # Errors  Last Runtime    Last Run
------------------------------------  -----  ---------  --------  ----------  --------------  -------------------
/opt/airflow/dags/ml_pipeline_dag.py                           1           0  0.30s           2025-08-30T15:54:54
================================================================================
[2025-08-30T15:55:29.246+0000] {manager.py:878} INFO - 
================================================================================
DAG File Processing Stats

File Path                             PID    Runtime      # DAGs    # Errors  Last Runtime    Last Run
------------------------------------  -----  ---------  --------  ----------  --------------  -------------------
/opt/airflow/dags/ml_pipeline_dag.py                           1           0  0.20s           2025-08-30T15:55:25
================================================================================
[2025-08-30T15:56:02.418+0000] {manager.py:878} INFO - 
================================================================================
DAG File Processing Stats

File Path                             PID    Runtime      # DAGs    # Errors  Last Runtime    Last Run
------------------------------------  -----  ---------  --------  ----------  --------------  -------------------
/opt/airflow/dags/ml_pipeline_dag.py                           1           0  0.20s           2025-08-30T15:55:55
================================================================================
[2025-08-30T15:56:35.616+0000] {manager.py:878} INFO - 
================================================================================
DAG File Processing Stats

File Path                             PID    Runtime      # DAGs    # Errors  Last Runtime    Last Run
------------------------------------  -----  ---------  --------  ----------  --------------  -------------------
/opt/airflow/dags/ml_pipeline_dag.py                           1           0  0.21s           2025-08-30T15:56:26
================================================================================
