[2025-08-30T15:46:57.763+0000] {local_task_job_runner.py:120} INFO - ::group::Pre task execution logs
[2025-08-30T15:46:57.792+0000] {taskinstance.py:2076} INFO - Dependencies all met for dep_context=non-requeueable deps ti=<TaskInstance: ml_pipeline_dag.train manual__2025-08-30T15:46:44+00:00 [queued]>
[2025-08-30T15:46:57.801+0000] {taskinstance.py:2076} INFO - Dependencies all met for dep_context=requeueable deps ti=<TaskInstance: ml_pipeline_dag.train manual__2025-08-30T15:46:44+00:00 [queued]>
[2025-08-30T15:46:57.803+0000] {taskinstance.py:2306} INFO - Starting attempt 1 of 1
[2025-08-30T15:46:57.826+0000] {taskinstance.py:2330} INFO - Executing <Task(PythonOperator): train> on 2025-08-30 15:46:44+00:00
[2025-08-30T15:46:57.830+0000] {standard_task_runner.py:64} INFO - Started process 153 to run task
[2025-08-30T15:46:57.832+0000] {standard_task_runner.py:90} INFO - Running: ['airflow', 'tasks', 'run', 'ml_pipeline_dag', 'train', 'manual__2025-08-30T15:46:44+00:00', '--job-id', '32', '--raw', '--subdir', 'DAGS_FOLDER/ml_pipeline_dag.py', '--cfg-path', '/tmp/tmpo1ygdjit']
[2025-08-30T15:46:57.834+0000] {standard_task_runner.py:91} INFO - Job 32: Subtask train
[2025-08-30T15:46:57.922+0000] {task_command.py:426} INFO - Running <TaskInstance: ml_pipeline_dag.train manual__2025-08-30T15:46:44+00:00 [running]> on host 6d0253f78c19
[2025-08-30T15:46:58.031+0000] {taskinstance.py:2648} INFO - Exporting env vars: AIRFLOW_CTX_DAG_OWNER='airflow' AIRFLOW_CTX_DAG_ID='ml_pipeline_dag' AIRFLOW_CTX_TASK_ID='train' AIRFLOW_CTX_EXECUTION_DATE='2025-08-30T15:46:44+00:00' AIRFLOW_CTX_TRY_NUMBER='1' AIRFLOW_CTX_DAG_RUN_ID='manual__2025-08-30T15:46:44+00:00'
[2025-08-30T15:46:58.031+0000] {taskinstance.py:430} INFO - ::endgroup::
[2025-08-30T15:46:59.109+0000] {logging_mixin.py:188} INFO - Fitting 5 folds for each of 216 candidates, totalling 1080 fits
[2025-08-30T15:54:21.658+0000] {logging_mixin.py:188} INFO - [RandomForest] Best params: {'bootstrap': True, 'max_depth': None, 'max_features': 0.5, 'min_samples_leaf': 2, 'min_samples_split': 2, 'n_estimators': 300}
[2025-08-30T15:54:21.659+0000] {logging_mixin.py:188} INFO - [RandomForest] Best score (neg MSE): -3456118467.9093757
[2025-08-30T15:54:21.663+0000] {logging_mixin.py:188} INFO - Fitting 5 folds for each of 10 candidates, totalling 50 fits
[2025-08-30T15:54:21.923+0000] {logging_mixin.py:188} INFO - [Ridge] Best params: {'alpha': 1.0, 'fit_intercept': True}
[2025-08-30T15:54:21.924+0000] {logging_mixin.py:188} INFO - [Ridge] Best score (neg MSE): -3484630416.452194
[2025-08-30T15:54:21.926+0000] {logging_mixin.py:188} INFO - [Selected] RandomForest with neg MSE: -3456118467.9093757
[2025-08-30T15:54:22.028+0000] {logging_mixin.py:188} INFO - Best model saved to /opt/airflow/outputs/model.pkl
[2025-08-30T15:54:22.087+0000] {taskinstance.py:441} INFO - ::group::Post task execution logs
[2025-08-30T15:54:22.088+0000] {taskinstance.py:2905} ERROR - Task failed with exception
Traceback (most recent call last):
  File "/home/airflow/.local/lib/python3.12/site-packages/airflow/models/taskinstance.py", line 465, in _execute_task
    result = _execute_callable(context=context, **execute_callable_kwargs)
             ^^^^^^^^^^^^^^^^^^^^^^^^^^^^^^^^^^^^^^^^^^^^^^^^^^^^^^^^^^^^^
  File "/home/airflow/.local/lib/python3.12/site-packages/airflow/models/taskinstance.py", line 432, in _execute_callable
    return execute_callable(context=context, **execute_callable_kwargs)
           ^^^^^^^^^^^^^^^^^^^^^^^^^^^^^^^^^^^^^^^^^^^^^^^^^^^^^^^^^^^^
  File "/home/airflow/.local/lib/python3.12/site-packages/airflow/models/baseoperator.py", line 401, in wrapper
    return func(self, *args, **kwargs)
           ^^^^^^^^^^^^^^^^^^^^^^^^^^^
  File "/home/airflow/.local/lib/python3.12/site-packages/airflow/operators/python.py", line 235, in execute
    return_value = self.execute_callable()
                   ^^^^^^^^^^^^^^^^^^^^^^^
  File "/home/airflow/.local/lib/python3.12/site-packages/airflow/operators/python.py", line 252, in execute_callable
    return self.python_callable(*self.op_args, **self.op_kwargs)
           ^^^^^^^^^^^^^^^^^^^^^^^^^^^^^^^^^^^^^^^^^^^^^^^^^^^^^
  File "/opt/airflow/dags/ml_pipeline_dag.py", line 71, in t_train
    METRICS_PATH.write_text(json.dumps(results, indent=2))
                            ^^^^^^^^^^^^^^^^^^^^^^^^^^^^^
  File "/usr/local/lib/python3.12/json/__init__.py", line 238, in dumps
    **kw).encode(obj)
          ^^^^^^^^^^^
  File "/usr/local/lib/python3.12/json/encoder.py", line 202, in encode
    chunks = list(chunks)
             ^^^^^^^^^^^^
  File "/usr/local/lib/python3.12/json/encoder.py", line 432, in _iterencode
    yield from _iterencode_dict(o, _current_indent_level)
  File "/usr/local/lib/python3.12/json/encoder.py", line 406, in _iterencode_dict
    yield from chunks
  File "/usr/local/lib/python3.12/json/encoder.py", line 406, in _iterencode_dict
    yield from chunks
  File "/usr/local/lib/python3.12/json/encoder.py", line 439, in _iterencode
    o = _default(o)
        ^^^^^^^^^^^
  File "/usr/local/lib/python3.12/json/encoder.py", line 180, in default
    raise TypeError(f'Object of type {o.__class__.__name__} '
TypeError: Object of type RandomForestRegressor is not JSON serializable
[2025-08-30T15:54:22.117+0000] {taskinstance.py:1206} INFO - Marking task as FAILED. dag_id=ml_pipeline_dag, task_id=train, run_id=manual__2025-08-30T15:46:44+00:00, execution_date=20250830T154644, start_date=20250830T154657, end_date=20250830T155422
[2025-08-30T15:54:22.144+0000] {standard_task_runner.py:110} ERROR - Failed to execute job 32 for task train (Object of type RandomForestRegressor is not JSON serializable; 153)
[2025-08-30T15:54:22.180+0000] {local_task_job_runner.py:243} INFO - Task exited with return code 1
[2025-08-30T15:54:22.207+0000] {taskinstance.py:3503} INFO - 0 downstream tasks scheduled from follow-on schedule check
[2025-08-30T15:54:22.220+0000] {local_task_job_runner.py:222} INFO - ::endgroup::
